[2026-09-22 17:00:10.228][DBG][Px21200][Tx30443][Logger] ----------------------------- 
[2026-09-22 17:00:10.228][DBG][Px21200][Tx30443][Logger] MAA Process Start 
[2026-09-22 17:00:10.228][DBG][Px21200][Tx30443][Logger] Version v5.13.1 
[2026-09-22 17:00:10.228][DBG][Px21200][Tx30443][Logger] Built at Sep 16 2026 02:49:39 
[2026-09-22 17:00:10.228][DBG][Px21200][Tx30443][Logger] Windows x64 
[2026-09-22 17:00:10.228][DBG][Px21200][Tx30443][Logger] Working C:/Users/bdwen/Downloads/Compressed/MaaFramework-main 
[2026-09-22 17:00:10.228][DBG][Px21200][Tx30443][Logger] Logging C:/Users/bdwen/Downloads/Compressed/MaaFramework-main/MaaAutomationBlank/runtime/debug/maafw.log 
[2026-09-22 17:00:10.228][DBG][Px21200][Tx30443][Logger] ----------------------------- 
[2026-09-22 17:00:10.228][TRC][Px21200][Tx30443][OptionMgr.cpp][L35][MaaNS::GlobalNS::OptionMgr::set_log_dir] | leave, 1ms 
[2026-09-22 17:00:10.228][TRC][Px21200][Tx30443][OptionMgr.cpp][L10][MaaNS::GlobalNS::OptionMgr::set_option] | leave, 1ms 
[2026-09-22 17:00:10.228][TRC][Px21200][Tx30443][MaaFramework.cpp][L393][MaaGlobalSetOption] | leave, 1ms 
[2026-09-22 17:00:10.228][DBG][Px21200][Tx30443][MaaFramework.cpp][L393][MaaGlobalSetOption] [key=2] [value=true] [val_size=1] | enter 
[2026-09-22 17:00:10.228][DBG][Px21200][Tx30443][OptionMgr.cpp][L10][MaaNS::GlobalNS::OptionMgr::set_option] [key=2] [value=true] [val_size=1] | enter 
[2026-09-22 17:00:10.228][DBG][Px21200][Tx30443][OptionMgr.cpp][L49][MaaNS::GlobalNS::OptionMgr::set_save_draw] | enter 
[2026-09-22 17:00:10.228][INF][Px21200][Tx30443][OptionMgr.cpp][L58][MaaNS::GlobalNS::OptionMgr::set_save_draw] Set save draw [save_draw_=false] 
[2026-09-22 17:00:10.228][TRC][Px21200][Tx30443][OptionMgr.cpp][L49][MaaNS::GlobalNS::OptionMgr::set_save_draw] | leave, 0ms 
[2026-09-22 17:00:10.228][TRC][Px21200][Tx30443][OptionMgr.cpp][L10][MaaNS::GlobalNS::OptionMgr::set_option] | leave, 0ms 
[2026-09-22 17:00:10.228][TRC][Px21200][Tx30443][MaaFramework.cpp][L393][MaaGlobalSetOption] | leave, 0ms 
[2026-09-22 17:00:10.228][DBG][Px21200][Tx30443][MaaFramework.cpp][L393][MaaGlobalSetOption] [key=7] [value=true] [val_size=1] | enter 
[2026-09-22 17:00:10.228][DBG][Px21200][Tx30443][OptionMgr.cpp][L10][MaaNS::GlobalNS::OptionMgr::set_option] [key=7] [value=true] [val_size=1] | enter 
[2026-09-22 17:00:10.228][DBG][Px21200][Tx30443][OptionMgr.cpp][L99][MaaNS::GlobalNS::OptionMgr::set_save_on_error] | enter 
[2026-09-22 17:00:10.228][INF][Px21200][Tx30443][OptionMgr.cpp][L108][MaaNS::GlobalNS::OptionMgr::set_save_on_error] Set save on error [save_on_error_=true] 
[2026-09-22 17:00:10.228][TRC][Px21200][Tx30443][OptionMgr.cpp][L99][MaaNS::GlobalNS::OptionMgr::set_save_on_error] | leave, 0ms 
[2026-09-22 17:00:10.228][TRC][Px21200][Tx30443][OptionMgr.cpp][L10][MaaNS::GlobalNS::OptionMgr::set_option] | leave, 0ms 
[2026-09-22 17:00:10.228][TRC][Px21200][Tx30443][MaaFramework.cpp][L393][MaaGlobalSetOption] | leave, 0ms 
[2026-09-22 17:00:10.228][DBG][Px21200][Tx30443][MaaFramework.cpp][L393][MaaGlobalSetOption] [key=4] [value=true] [val_size=4] | enter 
[2026-09-22 17:00:10.228][DBG][Px21200][Tx30443][OptionMgr.cpp][L10][MaaNS::GlobalNS::OptionMgr::set_option] [key=4] [value=true] [val_size=4] | enter 
[2026-09-22 17:00:10.228][DBG][Px21200][Tx30443][OptionMgr.cpp][L65][MaaNS::GlobalNS::OptionMgr::set_stdout_level] | enter 
[2026-09-22 17:00:10.228][INF][Px21200][Tx30443][OptionMgr.cpp][L74][MaaNS::GlobalNS::OptionMgr::set_stdout_level] Set log stdout level [level=2] 
[2026-09-22 17:00:10.228][TRC][Px21200][Tx30443][OptionMgr.cpp][L65][MaaNS::GlobalNS::OptionMgr::set_stdout_level] | leave, 0ms 
[2026-09-22 17:00:10.228][TRC][Px21200][Tx30443][OptionMgr.cpp][L10][MaaNS::GlobalNS::OptionMgr::set_option] | leave, 0ms 
[2026-09-22 17:00:10.228][TRC][Px21200][Tx30443][MaaFramework.cpp][L393][MaaGlobalSetOption] | leave, 0ms 
[2026-09-22 17:00:10.228][DBG][Px21200][Tx30443][MaaFramework.cpp][L393][MaaGlobalSetOption] [key=8] [value=true] [val_size=4] | enter 
[2026-09-22 17:00:10.228][DBG][Px21200][Tx30443][OptionMgr.cpp][L10][MaaNS::GlobalNS::OptionMgr::set_option] [key=8] [value=true] [val_size=4] | enter 
[2026-09-22 17:00:10.228][DBG][Px21200][Tx30443][OptionMgr.cpp][L115][MaaNS::GlobalNS::OptionMgr::set_draw_quality] | enter 
[2026-09-22 17:00:10.228][INF][Px21200][Tx30443][OptionMgr.cpp][L130][MaaNS::GlobalNS::OptionMgr::set_draw_quality] Set draw quality [draw_quality_=85] 
[2026-09-22 17:00:10.228][TRC][Px21200][Tx30443][OptionMgr.cpp][L115][MaaNS::GlobalNS::OptionMgr::set_draw_quality] | leave, 0ms 
[2026-09-22 17:00:10.228][TRC][Px21200][Tx30443][OptionMgr.cpp][L10][MaaNS::GlobalNS::OptionMgr::set_option] | leave, 0ms 
[2026-09-22 17:00:10.228][TRC][Px21200][Tx30443][MaaFramework.cpp][L393][MaaGlobalSetOption] | leave, 0ms 
[2026-09-22 17:00:10.228][DBG][Px21200][Tx30443][GlobalOptionConfig.cpp][L83][MaaNS::ToolkitNS::GlobalOptionConfig::apply_option] [bret=true] 
[2026-09-22 17:00:10.228][TRC][Px21200][Tx30443][GlobalOptionConfig.cpp][L67][MaaNS::ToolkitNS::GlobalOptionConfig::apply_option] | leave, 1ms 
[2026-09-22 17:00:10.228][TRC][Px21200][Tx30443][GlobalOptionConfig.cpp][L17][MaaNS::ToolkitNS::GlobalOptionConfig::init] | leave, 3ms 
[2026-09-22 17:00:10.546][DBG][Px21200][Tx30443][AdbDeviceFinder.cpp][L67][MaaNS::ToolkitNS::AdbDeviceFinder::find_specified] [adb_path=D:/MuMuPlayer-12.0/shell/adb.exe] | enter 
[2026-09-22 17:00:10.546][DBG][Px21200][Tx30443][AdbDeviceFinder.cpp][L91][MaaNS::ToolkitNS::AdbDeviceFinder::find_serials_by_adb_command] [adb_path=D:/MuMuPlayer-12.0/shell/adb.exe] | enter 
[2026-09-22 17:00:10.546][DBG][Px21200][Tx30443][MaaUtils/LibraryHolder.h][L49][MaaNS::LibraryHolder<class MaaNS::AdbControlUnitLibraryHolder>::load_library] [libname=C:/Users/bdwen/Downloads/maafw_runtime_probe/maa/bin/MaaAdbControlUnit] | enter 
[2026-09-22 17:00:10.546][INF][Px21200][Tx30443][MaaUtils/LibraryHolder.h][L65][MaaNS::LibraryHolder<class MaaNS::AdbControlUnitLibraryHolder>::load_library] Loading library [libname=C:/Users/bdwen/Downloads/maafw_runtime_probe/maa/bin/MaaAdbControlUnit] 
[2026-09-22 17:00:10.546][TRC][Px21200][Tx30443][MaaUtils/LibraryHolder.h][L49][MaaNS::LibraryHolder<class MaaNS::AdbControlUnitLibraryHolder>::load_library] | leave, 0ms 
[2026-09-22 17:00:10.546][DBG][Px21200][Tx30443][MaaUtils/LibraryHolder.h][L113][MaaNS::LibraryHolder<class MaaNS::AdbControlUnitLibraryHolder>::get_function] [func_name=MaaAdbControlUnitGetVersion] | enter 
[2026-09-22 17:00:10.546][TRC][Px21200][Tx30443][MaaUtils/LibraryHolder.h][L113][MaaNS::LibraryHolder<class MaaNS::AdbControlUnitLibraryHolder>::get_function] | leave, 0ms 
[2026-09-22 17:00:10.546][INF][Px21200][Tx30443][ControlUnit.cpp][L32][MaaNS::check_version] class MaaNS::AdbControlUnitLibraryHolder Library version: v5.13.1 
[2026-09-22 17:00:10.546][DBG][Px21200][Tx30443][MaaUtils/LibraryHolder.h][L113][MaaNS::LibraryHolder<class MaaNS::AdbControlUnitLibraryHolder>::get_function] [func_name=MaaAdbControlUnitCreate] | enter 
[2026-09-22 17:00:10.546][TRC][Px21200][Tx30443][MaaUtils/LibraryHolder.h][L113][MaaNS::LibraryHolder<class MaaNS::AdbControlUnitLibraryHolder>::get_function] | leave, 0ms 
[2026-09-22 17:00:10.546][DBG][Px21200][Tx30443][MaaUtils/LibraryHolder.h][L113][MaaNS::LibraryHolder<class MaaNS::AdbControlUnitLibraryHolder>::get_function] [func_name=MaaAdbControlUnitDestroy] | enter 
[2026-09-22 17:00:10.546][TRC][Px21200][Tx30443][MaaUtils/LibraryHolder.h][L113][MaaNS::LibraryHolder<class MaaNS::AdbControlUnitLibraryHolder>::get_function] | leave, 0ms 
[2026-09-22 17:00:10.546][DBG][Px21200][Tx30443][AdbControlUnitAPI.cpp][L28][MaaAdbControlUnitCreate] [adb_path=D:/MuMuPlayer-12.0/shell/adb.exe] [adb_serial=] [screencap_methods=0] [input_methods=0] [config={}] [agent_path=] | enter 
[2026-09-22 17:00:10.546][TRC][Px21200][Tx30443][AdbControlUnitAPI.cpp][L28][MaaAdbControlUnitCreate] | leave, 0ms 
[2026-09-22 17:00:10.546][DBG][Px21200][Tx30443][DeviceList.cpp][L22][MaaNS::CtrlUnitNs::DeviceList::request_devices] | enter 
[2026-09-22 17:00:10.551][DBG][Px21200][Tx30443][ChildPipeIOStream.cpp][L84][MaaNS::ChildPipeIOStream::ChildPipeIOStream] [exec_=D:/MuMuPlayer-12.0/shell/adb.exe] [args_=["devices"]] [child_.id()=20556] 
[2026-09-22 17:00:10.579][DBG][Px21200][Tx30443][UnitBase.cpp][L58][MaaNS::CtrlUnitNs::UnitBase::startup_and_read_pipe] [output.size()=52] [duration=32ms] 
[2026-09-22 17:00:10.579][DBG][Px21200][Tx30443][UnitBase.cpp][L60][MaaNS::CtrlUnitNs::UnitBase::startup_and_read_pipe] output:
List of devices attached
127.0.0.1:16416	device



[2026-09-22 17:00:10.579][INF][Px21200][Tx30443][DeviceList.cpp][L53][MaaNS::CtrlUnitNs::DeviceList::request_devices] [devices=["127.0.0.1:16416"]] 
[2026-09-22 17:00:10.579][TRC][Px21200][Tx30443][DeviceList.cpp][L22][MaaNS::CtrlUnitNs::DeviceList::request_devices] | leave, 33ms 
[2026-09-22 17:00:10.579][DBG][Px21200][Tx30443][AdbDeviceFinder.cpp][L106][MaaNS::ToolkitNS::AdbDeviceFinder::find_serials_by_adb_command] [devices=["127.0.0.1:16416"]] 
[2026-09-22 17:00:10.579][DBG][Px21200][Tx30443][AdbControlUnitAPI.cpp][L64][MaaAdbControlUnitDestroy] [handle=true] | enter 
[2026-09-22 17:00:10.579][TRC][Px21200][Tx30443][AdbControlUnitAPI.cpp][L64][MaaAdbControlUnitDestroy] | leave, 0ms 
[2026-09-22 17:00:10.579][TRC][Px21200][Tx30443][AdbDeviceFinder.cpp][L91][MaaNS::ToolkitNS::AdbDeviceFinder::find_serials_by_adb_command] | leave, 33ms 
[2026-09-22 17:00:10.579][DBG][Px21200][Tx30443][AdbDeviceFinder.cpp][L274][MaaNS::ToolkitNS::AdbDeviceFinder::try_device] [adb_path=D:/MuMuPlayer-12.0/shell/adb.exe] [serial=127.0.0.1:16416] | enter 
[2026-09-22 17:00:10.579][DBG][Px21200][Tx30443][MaaUtils/LibraryHolder.h][L49][MaaNS::LibraryHolder<class MaaNS::AdbControlUnitLibraryHolder>::load_library] [libname=C:/Users/bdwen/Downloads/maafw_runtime_probe/maa/bin/MaaAdbControlUnit] | enter 
[2026-09-22 17:00:10.579][DBG][Px21200][Tx30443][MaaUtils/LibraryHolder.h][L60][MaaNS::LibraryHolder<class MaaNS::AdbControlUnitLibraryHolder>::load_library] Already loaded [libname=C:/Users/bdwen/Downloads/maafw_runtime_probe/maa/bin/MaaAdbControlUnit] [ref_count_=2] 
[2026-09-22 17:00:10.579][TRC][Px21200][Tx30443][MaaUtils/LibraryHolder.h][L49][MaaNS::LibraryHolder<class MaaNS::AdbControlUnitLibraryHolder>::load_library] | leave, 0ms 
[2026-09-22 17:00:10.579][DBG][Px21200][Tx30443][MaaUtils/LibraryHolder.h][L113][MaaNS::LibraryHolder<class MaaNS::AdbControlUnitLibraryHolder>::get_function] [func_name=MaaAdbControlUnitGetVersion] | enter 
[2026-09-22 17:00:10.579][TRC][Px21200][Tx30443][MaaUtils/LibraryHolder.h][L113][MaaNS::LibraryHolder<class MaaNS::AdbControlUnitLibraryHolder>::get_function] | leave, 0ms 
[2026-09-22 17:00:10.579][INF][Px21200][Tx30443][ControlUnit.cpp][L32][MaaNS::check_version] class MaaNS::AdbControlUnitLibraryHolder Library version: v5.13.1 
[2026-09-22 17:00:10.579][DBG][Px21200][Tx30443][MaaUtils/LibraryHolder.h][L113][MaaNS::LibraryHolder<class MaaNS::AdbControlUnitLibraryHolder>::get_function] [func_name=MaaAdbControlUnitCreate] | enter 
[2026-09-22 17:00:10.579][TRC][Px21200][Tx30443][MaaUtils/LibraryHolder.h][L113][MaaNS::LibraryHolder<class MaaNS::AdbControlUnitLibraryHolder>::get_function] | leave, 0ms 
[2026-09-22 17:00:10.579][DBG][Px21200][Tx30443][MaaUtils/LibraryHolder.h][L113][MaaNS::LibraryHolder<class MaaNS::AdbControlUnitLibraryHolder>::get_function] [func_name=MaaAdbControlUnitDestroy] | enter 
[2026-09-22 17:00:10.579][TRC][Px21200][Tx30443][MaaUtils/LibraryHolder.h][L113][MaaNS::LibraryHolder<class MaaNS::AdbControlUnitLibraryHolder>::get_function] | leave, 0ms 
[2026-09-22 17:00:10.579][DBG][Px21200][Tx30443][AdbControlUnitAPI.cpp][L28][MaaAdbControlUnitCreate] [adb_path=D:/MuMuPlayer-12.0/shell/adb.exe] [adb_serial=127.0.0.1:16416] [screencap_methods=0] [input_methods=0] [config={}] [agent_path=] | enter 
[2026-09-22 17:00:10.579][TRC][Px21200][Tx30443][AdbControlUnitAPI.cpp][L28][MaaAdbControlUnitCreate] | leave, 0ms 
[2026-09-22 17:00:10.580][DBG][Px21200][Tx30443][Connection.cpp][L48][MaaNS::CtrlUnitNs::Connection::connect] | enter 
[2026-09-22 17:00:10.582][DBG][Px21200][Tx30443][ChildPipeIOStream.cpp][L84][MaaNS::ChildPipeIOStream::ChildPipeIOStream] [exec_=D:/MuMuPlayer-12.0/shell/adb.exe] [args_=["connect","127.0.0.1:16416"]] [child_.id()=23132] 
[2026-09-22 17:00:10.607][DBG][Px21200][Tx30443][UnitBase.cpp][L58][MaaNS::CtrlUnitNs::UnitBase::startup_and_read_pipe] [output.size()=38] [duration=27ms] 
[2026-09-22 17:00:10.607][DBG][Px21200][Tx30443][UnitBase.cpp][L60][MaaNS::CtrlUnitNs::UnitBase::startup_and_read_pipe] output:
already connected to 127.0.0.1:16416


[2026-09-22 17:00:10.607][INF][Px21200][Tx30443][Connection.cpp][L120][MaaNS::CtrlUnitNs::Connection::connect_remote] connected 
[2026-09-22 17:00:10.607][DBG][Px21200][Tx30443][Connection.cpp][L83][MaaNS::CtrlUnitNs::Connection::test_connection] | enter 
[2026-09-22 17:00:10.611][DBG][Px21200][Tx30443][ChildPipeIOStream.cpp][L84][MaaNS::ChildPipeIOStream::ChildPipeIOStream] [exec_=D:/MuMuPlayer-12.0/shell/adb.exe] [args_=["-s","127.0.0.1:16416","get-state"]] [child_.id()=41956] 
[2026-09-22 17:00:10.635][DBG][Px21200][Tx30443][UnitBase.cpp][L58][MaaNS::CtrlUnitNs::UnitBase::startup_and_read_pipe] [output.size()=8] [duration=27ms] 
[2026-09-22 17:00:10.635][DBG][Px21200][Tx30443][UnitBase.cpp][L60][MaaNS::CtrlUnitNs::UnitBase::startup_and_read_pipe] output:
device


[2026-09-22 17:00:10.635][TRC][Px21200][Tx30443][Connection.cpp][L83][MaaNS::CtrlUnitNs::Connection::test_connection] | leave, 27ms 
[2026-09-22 17:00:10.635][DBG][Px21200][Tx30443][Connection.cpp][L126][MaaNS::CtrlUnitNs::Connection::start_monitor] | enter 
[2026-09-22 17:00:10.639][DBG][Px21200][Tx30443][ChildPipeIOStream.cpp][L84][MaaNS::ChildPipeIOStream::ChildPipeIOStream] [exec_=D:/MuMuPlayer-12.0/shell/adb.exe] [args_=["-s","127.0.0.1:16416","shell","cat"]] [child_.id()=11108] 
[2026-09-22 17:00:10.639][INF][Px21200][Tx30443][Connection.cpp][L138][MaaNS::CtrlUnitNs::Connection::start_monitor] monitor started 
[2026-09-22 17:00:10.639][TRC][Px21200][Tx30443][Connection.cpp][L126][MaaNS::CtrlUnitNs::Connection::start_monitor] | leave, 3ms 
[2026-09-22 17:00:10.639][TRC][Px21200][Tx30443][Connection.cpp][L48][MaaNS::CtrlUnitNs::Connection::connect] | leave, 59ms 
[2026-09-22 17:00:10.639][WRN][Px21200][Tx30443][AdbControlUnitMgr.cpp][L65][MaaNS::CtrlUnitNs::AdbControlUnitMgr::connect] screencap_methods_ is MaaAdbScreencapMethod_None 
[2026-09-22 17:00:10.639][WRN][Px21200][Tx30443][AdbControlUnitMgr.cpp][L81][MaaNS::CtrlUnitNs::AdbControlUnitMgr::connect] input_methods_ is MaaAdbInputMethod_None 
[2026-09-22 17:00:10.639][DBG][Px21200][Tx30443][AdbCommand.cpp][L21][MaaNS::CtrlUnitNs::AdbCommand::shell] [cmd=getprop | grep ro.product.brand] [timeout=20000ms] | enter 
[2026-09-22 17:00:10.643][DBG][Px21200][Tx30443][ChildPipeIOStream.cpp][L84][MaaNS::ChildPipeIOStream::ChildPipeIOStream] [exec_=D:/MuMuPlayer-12.0/shell/adb.exe] [args_=["-s","127.0.0.1:16416","shell","getprop | grep ro.product.brand"]] [child_.id()=15304] 
[2026-09-22 17:00:10.693][DBG][Px21200][Tx30443][UnitBase.cpp][L58][MaaNS::CtrlUnitNs::UnitBase::startup_and_read_pipe] [output.size()=29] [duration=54ms] 
[2026-09-22 17:00:10.693][DBG][Px21200][Tx30443][UnitBase.cpp][L60][MaaNS::CtrlUnitNs::UnitBase::startup_and_read_pipe] output:
[ro.product.brand]: [HONOR]


[2026-09-22 17:00:10.693][TRC][Px21200][Tx30443][AdbCommand.cpp][L21][MaaNS::CtrlUnitNs::AdbCommand::shell] | leave, 54ms 
[2026-09-22 17:00:10.693][DBG][Px21200][Tx30443][AdbCommand.cpp][L21][MaaNS::CtrlUnitNs::AdbCommand::shell] [cmd=getprop sys.tencent.imei] [timeout=20000ms] | enter 
[2026-09-22 17:00:10.697][DBG][Px21200][Tx30443][ChildPipeIOStream.cpp][L84][MaaNS::ChildPipeIOStream::ChildPipeIOStream] [exec_=D:/MuMuPlayer-12.0/shell/adb.exe] [args_=["-s","127.0.0.1:16416","shell","getprop sys.tencent.imei"]] [child_.id()=8124] 
[2026-09-22 17:00:10.744][DBG][Px21200][Tx30443][UnitBase.cpp][L58][MaaNS::CtrlUnitNs::UnitBase::startup_and_read_pipe] [output.size()=2] [duration=50ms] 
[2026-09-22 17:00:10.744][DBG][Px21200][Tx30443][UnitBase.cpp][L60][MaaNS::CtrlUnitNs::UnitBase::startup_and_read_pipe] output:



[2026-09-22 17:00:10.744][TRC][Px21200][Tx30443][AdbCommand.cpp][L21][MaaNS::CtrlUnitNs::AdbCommand::shell] | leave, 50ms 
[2026-09-22 17:00:10.744][DBG][Px21200][Tx30443][AdbCommand.cpp][L21][MaaNS::CtrlUnitNs::AdbCommand::shell] [cmd=getprop ro.product.brand] [timeout=20000ms] | enter 
[2026-09-22 17:00:10.749][DBG][Px21200][Tx30443][ChildPipeIOStream.cpp][L84][MaaNS::ChildPipeIOStream::ChildPipeIOStream] [exec_=D:/MuMuPlayer-12.0/shell/adb.exe] [args_=["-s","127.0.0.1:16416","shell","getprop ro.product.brand"]] [child_.id()=39700] 
[2026-09-22 17:00:10.776][DBG][Px21200][Tx30443][UnitBase.cpp][L58][MaaNS::CtrlUnitNs::UnitBase::startup_and_read_pipe] [output.size()=7] [duration=31ms] 
[2026-09-22 17:00:10.776][DBG][Px21200][Tx30443][UnitBase.cpp][L60][MaaNS::CtrlUnitNs::UnitBase::startup_and_read_pipe] output:
HONOR


[2026-09-22 17:00:10.776][TRC][Px21200][Tx30443][AdbCommand.cpp][L21][MaaNS::CtrlUnitNs::AdbCommand::shell] | leave, 31ms 
[2026-09-22 17:00:10.776][DBG][Px21200][Tx30443][AdbCommand.cpp][L21][MaaNS::CtrlUnitNs::AdbCommand::shell] [cmd=getprop ro.product.manufacturer] [timeout=20000ms] | enter 
[2026-09-22 17:00:10.780][DBG][Px21200][Tx30443][ChildPipeIOStream.cpp][L84][MaaNS::ChildPipeIOStream::ChildPipeIOStream] [exec_=D:/MuMuPlayer-12.0/shell/adb.exe] [args_=["-s","127.0.0.1:16416","shell","getprop ro.product.manufacturer"]] [child_.id()=9960] 
[2026-09-22 17:00:10.807][DBG][Px21200][Tx30443][UnitBase.cpp][L58][MaaNS::CtrlUnitNs::UnitBase::startup_and_read_pipe] [output.size()=7] [duration=29ms] 
[2026-09-22 17:00:10.807][DBG][Px21200][Tx30443][UnitBase.cpp][L60][MaaNS::CtrlUnitNs::UnitBase::startup_and_read_pipe] output:
HONOR


[2026-09-22 17:00:10.807][TRC][Px21200][Tx30443][AdbCommand.cpp][L21][MaaNS::CtrlUnitNs::AdbCommand::shell] | leave, 30ms 
[2026-09-22 17:00:10.807][DBG][Px21200][Tx30443][AdbCommand.cpp][L21][MaaNS::CtrlUnitNs::AdbCommand::shell] [cmd=getprop ro.product.model] [timeout=20000ms] | enter 
[2026-09-22 17:00:10.811][DBG][Px21200][Tx30443][ChildPipeIOStream.cpp][L84][MaaNS::ChildPipeIOStream::ChildPipeIOStream] [exec_=D:/MuMuPlayer-12.0/shell/adb.exe] [args_=["-s","127.0.0.1:16416","shell","getprop ro.product.model"]] [child_.id()=30544] 
[2026-09-22 17:00:10.845][DBG][Px21200][Tx30443][UnitBase.cpp][L58][MaaNS::CtrlUnitNs::UnitBase::startup_and_read_pipe] [output.size()=10] [duration=38ms] 
[2026-09-22 17:00:10.845][DBG][Px21200][Tx30443][UnitBase.cpp][L60][MaaNS::CtrlUnitNs::UnitBase::startup_and_read_pipe] output:
BVL-AN20


[2026-09-22 17:00:10.845][TRC][Px21200][Tx30443][AdbCommand.cpp][L21][MaaNS::CtrlUnitNs::AdbCommand::shell] | leave, 38ms 
[2026-09-22 17:00:10.845][DBG][Px21200][Tx30443][AdbControlUnitAPI.cpp][L64][MaaAdbControlUnitDestroy] [handle=true] | enter 
[2026-09-22 17:00:10.845][DBG][Px21200][Tx30443][Connection.cpp][L145][MaaNS::CtrlUnitNs::Connection::stop_monitor] | enter 
[2026-09-22 17:00:10.945][WRN][Px21200][Tx30443][ChildPipeIOStream.cpp][L121][MaaNS::ChildPipeIOStream::release] child exit with 259 [exec_=D:/MuMuPlayer-12.0/shell/adb.exe] [args_=["-s","127.0.0.1:16416","shell","cat"]] [child_.id()=11108] 
[2026-09-22 17:00:10.945][WRN][Px21200][Tx30443][ChildPipeIOStream.cpp][L121][MaaNS::ChildPipeIOStream::release] child exit with 259 [exec_=D:/MuMuPlayer-12.0/shell/adb.exe] [args_=["-s","127.0.0.1:16416","shell","cat"]] [child_.id()=11108] 
[2026-09-22 17:00:10.945][TRC][Px21200][Tx30443][Connection.cpp][L145][MaaNS::CtrlUnitNs::Connection::stop_monitor] | leave, 100ms 
[2026-09-22 17:00:10.945][TRC][Px21200][Tx30443][AdbControlUnitAPI.cpp][L64][MaaAdbControlUnitDestroy] | leave, 100ms 
[2026-09-22 17:00:10.945][TRC][Px21200][Tx30443][AdbDeviceFinder.cpp][L274][MaaNS::ToolkitNS::AdbDeviceFinder::try_device] | leave, 365ms 
[2026-09-22 17:00:10.945][INF][Px21200][Tx30443][AdbDeviceFinder.cpp][L85][MaaNS::ToolkitNS::AdbDeviceFinder::find_specified] [result=[{"adb_path":"D:/MuMuPlayer-12.0/shell/adb.exe","config":{},"input_methods":18446744073709551607,"name":"127.0.0.1:16416-D:/MuMuPlayer-12.0/shell/adb.exe","screencap_methods":18446744073709551559,"serial":"127.0.0.1:16416"}]] 
[2026-09-22 17:00:10.945][TRC][Px21200][Tx30443][AdbDeviceFinder.cpp][L67][MaaNS::ToolkitNS::AdbDeviceFinder::find_specified] | leave, 399ms 
[2026-09-22 17:00:10.945][DBG][Px21200][Tx30443][MaaFramework.cpp][L20][MaaAdbControllerCreate] [adb_path=D:\MuMuPlayer-12.0\shell\adb.exe] [address=127.0.0.1:16416] [screencap_methods=18446744073709551559] [input_methods=18446744073709551607] [config={}] [agent_path=C:\Users\bdwen\Downloads\maafw_runtime_probe\maa\../MaaAgentBinary] | enter 
[2026-09-22 17:00:10.945][DBG][Px21200][Tx30443][MaaUtils/LibraryHolder.h][L49][MaaNS::LibraryHolder<class MaaNS::AdbControlUnitLibraryHolder>::load_library] [libname=C:/Users/bdwen/Downloads/maafw_runtime_probe/maa/bin/MaaAdbControlUnit] | enter 
[2026-09-22 17:00:10.945][INF][Px21200][Tx30443][MaaUtils/LibraryHolder.h][L65][MaaNS::LibraryHolder<class MaaNS::AdbControlUnitLibraryHolder>::load_library] Loading library [libname=C:/Users/bdwen/Downloads/maafw_runtime_probe/maa/bin/MaaAdbControlUnit] 
[2026-09-22 17:00:10.945][TRC][Px21200][Tx30443][MaaUtils/LibraryHolder.h][L49][MaaNS::LibraryHolder<class MaaNS::AdbControlUnitLibraryHolder>::load_library] | leave, 0ms 
[2026-09-22 17:00:10.945][DBG][Px21200][Tx30443][MaaUtils/LibraryHolder.h][L113][MaaNS::LibraryHolder<class MaaNS::AdbControlUnitLibraryHolder>::get_function] [func_name=MaaAdbControlUnitGetVersion] | enter 
[2026-09-22 17:00:10.945][TRC][Px21200][Tx30443][MaaUtils/LibraryHolder.h][L113][MaaNS::LibraryHolder<class MaaNS::AdbControlUnitLibraryHolder>::get_function] | leave, 0ms 
[2026-09-22 17:00:10.945][INF][Px21200][Tx30443][ControlUnit.cpp][L32][MaaNS::check_version] class MaaNS::AdbControlUnitLibraryHolder Library version: v5.13.1 
[2026-09-22 17:00:10.945][DBG][Px21200][Tx30443][MaaUtils/LibraryHolder.h][L113][MaaNS::LibraryHolder<class MaaNS::AdbControlUnitLibraryHolder>::get_function] [func_name=MaaAdbControlUnitCreate] | enter 
[2026-09-22 17:00:10.945][TRC][Px21200][Tx30443][MaaUtils/LibraryHolder.h][L113][MaaNS::LibraryHolder<class MaaNS::AdbControlUnitLibraryHolder>::get_function] | leave, 0ms 
[2026-09-22 17:00:10.945][DBG][Px21200][Tx30443][MaaUtils/LibraryHolder.h][L113][MaaNS::LibraryHolder<class MaaNS::AdbControlUnitLibraryHolder>::get_function] [func_name=MaaAdbControlUnitDestroy] | enter 
[2026-09-22 17:00:10.945][TRC][Px21200][Tx30443][MaaUtils/LibraryHolder.h][L113][MaaNS::LibraryHolder<class MaaNS::AdbControlUnitLibraryHolder>::get_function] | leave, 0ms 
[2026-09-22 17:00:10.945][DBG][Px21200][Tx30443][AdbControlUnitAPI.cpp][L28][MaaAdbControlUnitCreate] [adb_path=D:\MuMuPlayer-12.0\shell\adb.exe] [adb_serial=127.0.0.1:16416] [screencap_methods=18446744073709551559] [input_methods=18446744073709551607] [config={}] [agent_path=C:\Users\bdwen\Downloads\maafw_runtime_probe\maa\../MaaAgentBinary] | enter 
[2026-09-22 17:00:10.945][TRC][Px21200][Tx30443][AdbControlUnitAPI.cpp][L28][MaaAdbControlUnitCreate] | leave, 0ms 
[2026-09-22 17:00:10.945][DBG][Px21200][Tx30443][ControllerAgent.cpp][L15][MaaNS::ControllerNS::ControllerAgent::ControllerAgent] [control_unit_=00000167FF2BF360] | enter 
[2026-09-22 17:00:10.945][INF][Px21200][Tx30443][ControllerAgent.cpp][L18][MaaNS::ControllerNS::ControllerAgent::ControllerAgent] [plugin_mgr.get_names()=["C:/Users/bdwen/Downloads/maafw_runtime_probe/maa/bin/plugins/MaaPluginDemo.dll"]] 
[2026-09-22 17:00:10.945][INF][Px21200][Tx30443][Utils/EventDispatcher.hpp][L37][MaaNS::EventDispatcher::add_sink] [callback=true] [trans_arg=true] 
[2026-09-22 17:00:10.945][TRC][Px21200][Tx30443][ControllerAgent.cpp][L15][MaaNS::ControllerNS::ControllerAgent::ControllerAgent] | leave, 0ms 
[2026-09-22 17:00:10.945][TRC][Px21200][Tx30443][MaaFramework.cpp][L20][MaaAdbControllerCreate] | leave, 0ms 
[2026-09-22 17:00:10.945][DBG][Px21200][Tx30443][MaaController.cpp][L59][MaaControllerPostConnection] [ctrl=true] | enter 
[2026-09-22 17:00:10.945][TRC][Px21200][Tx30443][MaaController.cpp][L59][MaaControllerPostConnection] | leave, 0ms 
[2026-09-22 17:00:10.946][DBG][Px21200][Tx4494][DeviceInfo.cpp][L27][MaaNS::CtrlUnitNs::DeviceInfo::request_uuid] | enter 
[2026-09-22 17:00:10.950][DBG][Px21200][Tx4494][ChildPipeIOStream.cpp][L84][MaaNS::ChildPipeIOStream::ChildPipeIOStream] [exec_=D:/MuMuPlayer-12.0/shell/adb.exe] [args_=["-s","127.0.0.1:16416","shell","settings get secure android_id"]] [child_.id()=11384] 
[2026-09-22 17:00:10.985][DBG][Px21200][Tx4494][UnitBase.cpp][L58][MaaNS::CtrlUnitNs::UnitBase::startup_and_read_pipe] [output.size()=17] [duration=39ms] 
[2026-09-22 17:00:10.985][DBG][Px21200][Tx4494][UnitBase.cpp][L60][MaaNS::CtrlUnitNs::UnitBase::startup_and_read_pipe] output:
6082ad59b0698c1


[2026-09-22 17:00:10.985][TRC][Px21200][Tx4494][DeviceInfo.cpp][L27][MaaNS::CtrlUnitNs::DeviceInfo::request_uuid] | leave, 39ms 
[2026-09-22 17:00:10.985][DBG][Px21200][Tx4494][Connection.cpp][L48][MaaNS::CtrlUnitNs::Connection::connect] | enter 
[2026-09-22 17:00:10.988][DBG][Px21200][Tx4494][ChildPipeIOStream.cpp][L84][MaaNS::ChildPipeIOStream::ChildPipeIOStream] [exec_=D:/MuMuPlayer-12.0/shell/adb.exe] [args_=["connect","127.0.0.1:16416"]] [child_.id()=8300] 
[2026-09-22 17:00:11.012][DBG][Px21200][Tx4494][UnitBase.cpp][L58][MaaNS::CtrlUnitNs::UnitBase::startup_and_read_pipe] [output.size()=38] [duration=26ms] 
[2026-09-22 17:00:11.012][DBG][Px21200][Tx4494][UnitBase.cpp][L60][MaaNS::CtrlUnitNs::UnitBase::startup_and_read_pipe] output:
already connected to 127.0.0.1:16416


[2026-09-22 17:00:11.012][INF][Px21200][Tx4494][Connection.cpp][L120][MaaNS::CtrlUnitNs::Connection::connect_remote] connected 
[2026-09-22 17:00:11.012][DBG][Px21200][Tx4494][Connection.cpp][L83][MaaNS::CtrlUnitNs::Connection::test_connection] | enter 
[2026-09-22 17:00:11.015][DBG][Px21200][Tx4494][ChildPipeIOStream.cpp][L84][MaaNS::ChildPipeIOStream::ChildPipeIOStream] [exec_=D:/MuMuPlayer-12.0/shell/adb.exe] [args_=["-s","127.0.0.1:16416","get-state"]] [child_.id()=27756] 
[2026-09-22 17:00:11.046][DBG][Px21200][Tx4494][UnitBase.cpp][L58][MaaNS::CtrlUnitNs::UnitBase::startup_and_read_pipe] [output.size()=8] [duration=33ms] 
[2026-09-22 17:00:11.046][DBG][Px21200][Tx4494][UnitBase.cpp][L60][MaaNS::CtrlUnitNs::UnitBase::startup_and_read_pipe] output:
device


[2026-09-22 17:00:11.046][TRC][Px21200][Tx4494][Connection.cpp][L83][MaaNS::CtrlUnitNs::Connection::test_connection] | leave, 33ms 
[2026-09-22 17:00:11.046][DBG][Px21200][Tx4494][Connection.cpp][L126][MaaNS::CtrlUnitNs::Connection::start_monitor] | enter 
[2026-09-22 17:00:11.049][DBG][Px21200][Tx4494][ChildPipeIOStream.cpp][L84][MaaNS::ChildPipeIOStream::ChildPipeIOStream] [exec_=D:/MuMuPlayer-12.0/shell/adb.exe] [args_=["-s","127.0.0.1:16416","shell","cat"]] [child_.id()=32760] 
[2026-09-22 17:00:11.049][INF][Px21200][Tx4494][Connection.cpp][L138][MaaNS::CtrlUnitNs::Connection::start_monitor] monitor started 
[2026-09-22 17:00:11.049][TRC][Px21200][Tx4494][Connection.cpp][L126][MaaNS::CtrlUnitNs::Connection::start_monitor] | leave, 2ms 
[2026-09-22 17:00:11.049][TRC][Px21200][Tx4494][Connection.cpp][L48][MaaNS::CtrlUnitNs::Connection::connect] | leave, 62ms 
[2026-09-22 17:00:11.049][INF][Px21200][Tx4494][ScreencapAgent.cpp][L56][MaaNS::CtrlUnitNs::ScreencapAgent::ScreencapAgent] [methods=18446744073709551559] [method_set=["AVDExtras","EncodeToFileAndPull","AndrowsExtras","Encode","RawWithGzip","MuMuPlayerExtras","LDPlayerExtras"]] [agent_path=C:/Users/bdwen/Downloads/maafw_runtime_probe/maa/../MaaAgentBinary] 
[2026-09-22 17:00:11.049][INF][Px21200][Tx4494][AVDExtras.cpp][L33][MaaNS::CtrlUnitNs::AVDExtras::parse] extras.avd.enable is false, ignore 
[2026-09-22 17:00:11.049][WRN][Px21200][Tx4494][ScreencapAgent.cpp][L132][MaaNS::CtrlUnitNs::ScreencapAgent::parse] failed to parse AVDExtras 
[2026-09-22 17:00:11.049][INF][Px21200][Tx4494][AndrowsExtras.cpp][L128][MaaNS::CtrlUnitNs::AndrowsExtras::parse] extras.androws.enable is false, ignore 
[2026-09-22 17:00:11.049][WRN][Px21200][Tx4494][ScreencapAgent.cpp][L132][MaaNS::CtrlUnitNs::ScreencapAgent::parse] failed to parse AndrowsExtras 
[2026-09-22 17:00:11.049][INF][Px21200][Tx4494][MuMuPlayerExtras.cpp][L21][MaaNS::CtrlUnitNs::MuMuPlayerExtras::parse] extras.mumu.enable is false, ignore 
[2026-09-22 17:00:11.049][WRN][Px21200][Tx4494][ScreencapAgent.cpp][L132][MaaNS::CtrlUnitNs::ScreencapAgent::parse] failed to parse MuMuPlayerExtras 
[2026-09-22 17:00:11.049][INF][Px21200][Tx4494][LDPlayerExtras.cpp][L21][MaaNS::CtrlUnitNs::LDPlayerExtras::parse] extras.ld.enable is false, ignore 
[2026-09-22 17:00:11.049][WRN][Px21200][Tx4494][ScreencapAgent.cpp][L132][MaaNS::CtrlUnitNs::ScreencapAgent::parse] failed to parse LDPlayerExtras 
[2026-09-22 17:00:11.049][DBG][Px21200][Tx4494][ScreencapAgent.cpp][L142][MaaNS::CtrlUnitNs::ScreencapAgent::init] | enter 
[2026-09-22 17:00:11.049][DBG][Px21200][Tx4494][ScreencapAgent.cpp][L210][MaaNS::CtrlUnitNs::ScreencapAgent::speed_test] | enter 
[2026-09-22 17:00:11.049][INF][Px21200][Tx4494][ScreencapAgent.cpp][L237][MaaNS::CtrlUnitNs::ScreencapAgent::speed_test] Testing EncodeToFileAndPull 
[2026-09-22 17:00:11.053][DBG][Px21200][Tx4494][ChildPipeIOStream.cpp][L84][MaaNS::ChildPipeIOStream::ChildPipeIOStream] [exec_=D:/MuMuPlayer-12.0/shell/adb.exe] [args_=["-s","127.0.0.1:16416","shell","screencap -p > \"/data/local/tmp/2026.09.22-17.00.11.49\""]] [child_.id()=5712] 
[2026-09-22 17:00:11.220][DBG][Px21200][Tx4494][UnitBase.cpp][L58][MaaNS::CtrlUnitNs::UnitBase::startup_and_read_pipe] [output.size()=0] [duration=170ms] 
[2026-09-22 17:00:11.225][DBG][Px21200][Tx4494][ChildPipeIOStream.cpp][L84][MaaNS::ChildPipeIOStream::ChildPipeIOStream] [exec_=D:/MuMuPlayer-12.0/shell/adb.exe] [args_=["-s","127.0.0.1:16416","pull","/data/local/tmp/2026.09.22-17.00.11.49","C:/Users/bdwen/AppData/Local/Temp/2026.09.22-17.00.11.49"]] [child_.id()=35928] 
[2026-09-22 17:00:11.254][DBG][Px21200][Tx4494][UnitBase.cpp][L58][MaaNS::CtrlUnitNs::UnitBase::startup_and_read_pipe] [output.size()=0] [duration=33ms] 
[2026-09-22 17:00:11.291][INF][Px21200][Tx4494][ScreencapAgent.cpp][L221][MaaNS::CtrlUnitNs::ScreencapAgent::speed_test::<lambda_1>::operator ()] [method=EncodeToFileAndPull] [duration=242ms] 
[2026-09-22 17:00:11.291][INF][Px21200][Tx4494][ScreencapAgent.cpp][L237][MaaNS::CtrlUnitNs::ScreencapAgent::speed_test] Testing Encode 
[2026-09-22 17:00:11.295][DBG][Px21200][Tx4494][ChildPipeIOStream.cpp][L84][MaaNS::ChildPipeIOStream::ChildPipeIOStream] [exec_=D:/MuMuPlayer-12.0/shell/adb.exe] [args_=["-s","127.0.0.1:16416","exec-out","screencap -p"]] [child_.id()=7324] 
[2026-09-22 17:00:11.446][DBG][Px21200][Tx4494][UnitBase.cpp][L58][MaaNS::CtrlUnitNs::UnitBase::startup_and_read_pipe] [output.size()=117640] [duration=155ms] 
[2026-09-22 17:00:11.456][INF][Px21200][Tx4494][ScreencapHelper.cpp][L52][MaaNS::CtrlUnitNs::ScreencapHelper::process_data] end_of_line is LF 
[2026-09-22 17:00:11.456][INF][Px21200][Tx4494][ScreencapAgent.cpp][L221][MaaNS::CtrlUnitNs::ScreencapAgent::speed_test::<lambda_1>::operator ()] [method=Encode] [duration=165ms] 
[2026-09-22 17:00:11.456][INF][Px21200][Tx4494][ScreencapAgent.cpp][L237][MaaNS::CtrlUnitNs::ScreencapAgent::speed_test] Testing RawWithGzip 
[2026-09-22 17:00:11.461][DBG][Px21200][Tx4494][ChildPipeIOStream.cpp][L84][MaaNS::ChildPipeIOStream::ChildPipeIOStream] [exec_=D:/MuMuPlayer-12.0/shell/adb.exe] [args_=["-s","127.0.0.1:16416","exec-out","screencap | gzip -1"]] [child_.id()=34984] 
[2026-09-22 17:00:11.560][DBG][Px21200][Tx4494][UnitBase.cpp][L58][MaaNS::CtrlUnitNs::UnitBase::startup_and_read_pipe] [output.size()=143315] [duration=103ms] 
[2026-09-22 17:00:11.583][INF][Px21200][Tx4494][ScreencapHelper.cpp][L52][MaaNS::CtrlUnitNs::ScreencapHelper::process_data] end_of_line is LF 
[2026-09-22 17:00:11.583][INF][Px21200][Tx4494][ScreencapAgent.cpp][L221][MaaNS::CtrlUnitNs::ScreencapAgent::speed_test::<lambda_1>::operator ()] [method=RawWithGzip] [duration=126ms] 
[2026-09-22 17:00:11.583][INF][Px21200][Tx4494][ScreencapAgent.cpp][L251][MaaNS::CtrlUnitNs::ScreencapAgent::speed_test] The fastest method is RawWithGzip [cost=126ms] 
[2026-09-22 17:00:11.583][TRC][Px21200][Tx4494][ScreencapAgent.cpp][L210][MaaNS::CtrlUnitNs::ScreencapAgent::speed_test] | leave, 534ms 
[2026-09-22 17:00:11.583][TRC][Px21200][Tx4494][ScreencapAgent.cpp][L142][MaaNS::CtrlUnitNs::ScreencapAgent::init] | leave, 534ms 
[2026-09-22 17:00:11.583][INF][Px21200][Tx4494][InputAgent.cpp][L37][MaaNS::CtrlUnitNs::InputAgent::InputAgent] [methods=18446744073709551607] [method_vector=["Maatouch","MinitouchAndAdbKey","AdbShell"]] [agent_path=C:/Users/bdwen/Downloads/maafw_runtime_probe/maa/../MaaAgentBinary] 
[2026-09-22 17:00:11.583][DBG][Px21200][Tx4494][InputAgent.cpp][L105][MaaNS::CtrlUnitNs::InputAgent::init] | enter 
[2026-09-22 17:00:11.583][DBG][Px21200][Tx4494][MaatouchInput.cpp][L25][MaaNS::CtrlUnitNs::MaatouchInput::init] | enter 
[2026-09-22 17:00:11.583][DBG][Px21200][Tx4494][InvokeApp.cpp][L59][MaaNS::CtrlUnitNs::InvokeApp::init] [tempname_=2026.09.22-17.00.11.583] 
[2026-09-22 17:00:11.583][DBG][Px21200][Tx4494][InvokeApp.cpp][L106][MaaNS::CtrlUnitNs::InvokeApp::push] [path=C:/Users/bdwen/Downloads/maafw_runtime_probe/maa/../MaaAgentBinary/maatouch/universal/maatouch] | enter 
[2026-09-22 17:00:11.588][DBG][Px21200][Tx4494][ChildPipeIOStream.cpp][L84][MaaNS::ChildPipeIOStream::ChildPipeIOStream] [exec_=D:/MuMuPlayer-12.0/shell/adb.exe] [args_=["-s","127.0.0.1:16416","push","C:/Users/bdwen/Downloads/maafw_runtime_probe/MaaAgentBinary/maatouch/universal/maatouch","/data/local/tmp/2026.09.22-17.00.11.583"]] [child_.id()=43736] 
[2026-09-22 17:00:11.614][DBG][Px21200][Tx4494][UnitBase.cpp][L58][MaaNS::CtrlUnitNs::UnitBase::startup_and_read_pipe] [output.size()=0] [duration=31ms] 
[2026-09-22 17:00:11.614][TRC][Px21200][Tx4494][InvokeApp.cpp][L106][MaaNS::CtrlUnitNs::InvokeApp::push] | leave, 31ms 
[2026-09-22 17:00:11.614][DBG][Px21200][Tx4494][InvokeApp.cpp][L127][MaaNS::CtrlUnitNs::InvokeApp::chmod] | enter 
[2026-09-22 17:00:11.618][DBG][Px21200][Tx4494][ChildPipeIOStream.cpp][L84][MaaNS::ChildPipeIOStream::ChildPipeIOStream] [exec_=D:/MuMuPlayer-12.0/shell/adb.exe] [args_=["-s","127.0.0.1:16416","shell","chmod 700 \"/data/local/tmp/2026.09.22-17.00.11.583\""]] [child_.id()=34544] 
[2026-09-22 17:00:11.650][DBG][Px21200][Tx4494][UnitBase.cpp][L58][MaaNS::CtrlUnitNs::UnitBase::startup_and_read_pipe] [output.size()=0] [duration=35ms] 
[2026-09-22 17:00:11.650][TRC][Px21200][Tx4494][InvokeApp.cpp][L127][MaaNS::CtrlUnitNs::InvokeApp::chmod] | leave, 36ms 
[2026-09-22 17:00:11.650][DBG][Px21200][Tx4494][InvokeApp.cpp][L203][MaaNS::CtrlUnitNs::InvokeApp::invoke_app] [package=com.shxyke.MaaTouch.App] | enter 
[2026-09-22 17:00:11.655][DBG][Px21200][Tx4494][ChildPipeIOStream.cpp][L84][MaaNS::ChildPipeIOStream::ChildPipeIOStream] [exec_=D:/MuMuPlayer-12.0/shell/adb.exe] [args_=["-s","127.0.0.1:16416","shell","export CLASSPATH=\"/data/local/tmp/2026.09.22-17.00.11.583\"; app_process /data/local/tmp com.shxyke.MaaTouch.App"]] [child_.id()=39464] 
[2026-09-22 17:00:11.655][TRC][Px21200][Tx4494][InvokeApp.cpp][L203][MaaNS::CtrlUnitNs::InvokeApp::invoke_app] | leave, 4ms 
[2026-09-22 17:00:11.787][INF][Px21200][Tx4494][MtouchHelper.cpp][L148][MaaNS::CtrlUnitNs::MtouchHelper::read_info] class MaaNS::CtrlUnitNs::MtouchHelper const * __ptr64 [info= 10 1080 1920 255
] 
[2026-09-22 17:00:11.787][DBG][Px21200][Tx4494][DeviceInfo.cpp][L47][MaaNS::CtrlUnitNs::DeviceInfo::request_resolution] | enter 
[2026-09-22 17:00:11.792][DBG][Px21200][Tx4494][ChildPipeIOStream.cpp][L84][MaaNS::ChildPipeIOStream::ChildPipeIOStream] [exec_=D:/MuMuPlayer-12.0/shell/adb.exe] [args_=["-s","127.0.0.1:16416","shell","dumpsys window displays | grep DisplayFrames | tail -n 1 | grep -o -E [0-9]+"]] [child_.id()=952] 
[2026-09-22 17:00:11.830][DBG][Px21200][Tx4494][UnitBase.cpp][L58][MaaNS::CtrlUnitNs::UnitBase::startup_and_read_pipe] [output.size()=15] [duration=42ms] 
[2026-09-22 17:00:11.831][DBG][Px21200][Tx4494][UnitBase.cpp][L60][MaaNS::CtrlUnitNs::UnitBase::startup_and_read_pipe] output:
1080
1920
0


[2026-09-22 17:00:11.831][TRC][Px21200][Tx4494][DeviceInfo.cpp][L47][MaaNS::CtrlUnitNs::DeviceInfo::request_resolution] | leave, 43ms 
[2026-09-22 17:00:11.831][DBG][Px21200][Tx4494][DeviceInfo.cpp][L69][MaaNS::CtrlUnitNs::DeviceInfo::request_orientation] | enter 
[2026-09-22 17:00:11.835][DBG][Px21200][Tx4494][ChildPipeIOStream.cpp][L84][MaaNS::ChildPipeIOStream::ChildPipeIOStream] [exec_=D:/MuMuPlayer-12.0/shell/adb.exe] [args_=["-s","127.0.0.1:16416","shell","dumpsys input | grep SurfaceOrientation | tail -n 1 | grep -m 1 -o -E [0-9]"]] [child_.id()=42740] 
[2026-09-22 17:00:11.874][DBG][Px21200][Tx4494][UnitBase.cpp][L58][MaaNS::CtrlUnitNs::UnitBase::startup_and_read_pipe] [output.size()=3] [duration=43ms] 
[2026-09-22 17:00:11.874][DBG][Px21200][Tx4494][UnitBase.cpp][L60][MaaNS::CtrlUnitNs::UnitBase::startup_and_read_pipe] output:
0


[2026-09-22 17:00:11.874][TRC][Px21200][Tx4494][DeviceInfo.cpp][L69][MaaNS::CtrlUnitNs::DeviceInfo::request_orientation] | leave, 43ms 
[2026-09-22 17:00:11.874][INF][Px21200][Tx4494][MtouchHelper.cpp][L172][MaaNS::CtrlUnitNs::MtouchHelper::read_info] class MaaNS::CtrlUnitNs::MtouchHelper const * __ptr64 [display_width_=1080] [display_height_=1920] [touch_width_=1080] [touch_height_=1920] [xscale_=1.000000] [yscale_=1.000000] [press_=255] [orientation_=0] 
[2026-09-22 17:00:11.874][TRC][Px21200][Tx4494][MaatouchInput.cpp][L25][MaaNS::CtrlUnitNs::MaatouchInput::init] | leave, 290ms 
[2026-09-22 17:00:11.874][TRC][Px21200][Tx4494][InputAgent.cpp][L105][MaaNS::CtrlUnitNs::InputAgent::init] | leave, 290ms 
[2026-09-22 17:00:11.874][DBG][Px21200][Tx4494][DeviceInfo.cpp][L27][MaaNS::CtrlUnitNs::DeviceInfo::request_uuid] | enter 
[2026-09-22 17:00:11.877][DBG][Px21200][Tx4494][ChildPipeIOStream.cpp][L84][MaaNS::ChildPipeIOStream::ChildPipeIOStream] [exec_=D:/MuMuPlayer-12.0/shell/adb.exe] [args_=["-s","127.0.0.1:16416","shell","settings get secure android_id"]] [child_.id()=11076] 
[2026-09-22 17:00:11.910][DBG][Px21200][Tx4494][UnitBase.cpp][L58][MaaNS::CtrlUnitNs::UnitBase::startup_and_read_pipe] [output.size()=17] [duration=35ms] 
[2026-09-22 17:00:11.910][DBG][Px21200][Tx4494][UnitBase.cpp][L60][MaaNS::CtrlUnitNs::UnitBase::startup_and_read_pipe] output:
6082ad59b0698c1


[2026-09-22 17:00:11.910][TRC][Px21200][Tx4494][DeviceInfo.cpp][L27][MaaNS::CtrlUnitNs::DeviceInfo::request_uuid] | leave, 35ms 
[2026-09-22 17:00:11.912][DBG][Px21200][Tx4494][ChildPipeIOStream.cpp][L84][MaaNS::ChildPipeIOStream::ChildPipeIOStream] [exec_=D:/MuMuPlayer-12.0/shell/adb.exe] [args_=["-s","127.0.0.1:16416","exec-out","screencap | gzip -1"]] [child_.id()=13092] 
[2026-09-22 17:00:12.021][DBG][Px21200][Tx4494][UnitBase.cpp][L58][MaaNS::CtrlUnitNs::UnitBase::startup_and_read_pipe] [output.size()=143315] [duration=110ms] 
[2026-09-22 17:00:12.034][INF][Px21200][Tx4494][ControllerAgent.cpp][L1072][MaaNS::ControllerNS::ControllerAgent::postproc_screenshot] Resolution changed [raw.cols=1080] [raw.rows=1920] [image_raw_width_=0] [image_raw_height_=0] 
[2026-09-22 17:00:12.034][DBG][Px21200][Tx4494][ControllerAgent.cpp][L1117][MaaNS::ControllerNS::ControllerAgent::calc_target_image_size] Re-calc image target size: [image_target_long_side_=0] [image_target_short_side_=720] [image_raw_width_=1080] [image_raw_height_=1920] 
[2026-09-22 17:00:12.034][INF][Px21200][Tx4494][ControllerAgent.cpp][L1143][MaaNS::ControllerNS::ControllerAgent::calc_target_image_size] [image_target_width_=720] [image_target_height_=1280] 
[2026-09-22 17:00:12.062][DBG][Px21200][Tx30443][MaaFramework.cpp][L343][MaaControllerDestroy] [ctrl=true] | enter 
[2026-09-22 17:00:12.062][DBG][Px21200][Tx30443][ControllerAgent.cpp][L30][MaaNS::ControllerNS::ControllerAgent::~ControllerAgent] | enter 
[2026-09-22 17:00:12.062][TRC][Px21200][Tx30443][ControllerAgent.cpp][L30][MaaNS::ControllerNS::ControllerAgent::~ControllerAgent] | leave, 0ms 
[2026-09-22 17:00:12.062][DBG][Px21200][Tx30443][Base/AsyncRunner.hpp][L88][MaaNS::AsyncRunner<struct MaaNS::ControllerNS::Action>::~AsyncRunner] | enter 
[2026-09-22 17:00:12.062][DBG][Px21200][Tx30443][Base/AsyncRunner.hpp][L96][MaaNS::AsyncRunner<struct MaaNS::ControllerNS::Action>::release] | enter 
[2026-09-22 17:00:12.063][TRC][Px21200][Tx30443][Base/AsyncRunner.hpp][L96][MaaNS::AsyncRunner<struct MaaNS::ControllerNS::Action>::release] | leave, 0ms 
[2026-09-22 17:00:12.063][TRC][Px21200][Tx30443][Base/AsyncRunner.hpp][L88][MaaNS::AsyncRunner<struct MaaNS::ControllerNS::Action>::~AsyncRunner] | leave, 0ms 
[2026-09-22 17:00:12.063][DBG][Px21200][Tx30443][AdbControlUnitAPI.cpp][L64][MaaAdbControlUnitDestroy] [handle=true] | enter 
[2026-09-22 17:00:12.063][DBG][Px21200][Tx30443][Connection.cpp][L145][MaaNS::CtrlUnitNs::Connection::stop_monitor] | enter 
[2026-09-22 17:00:12.163][WRN][Px21200][Tx30443][ChildPipeIOStream.cpp][L121][MaaNS::ChildPipeIOStream::release] child exit with 259 [exec_=D:/MuMuPlayer-12.0/shell/adb.exe] [args_=["-s","127.0.0.1:16416","shell","cat"]] [child_.id()=32760] 
[2026-09-22 17:00:12.164][WRN][Px21200][Tx30443][ChildPipeIOStream.cpp][L121][MaaNS::ChildPipeIOStream::release] child exit with 259 [exec_=D:/MuMuPlayer-12.0/shell/adb.exe] [args_=["-s","127.0.0.1:16416","shell","cat"]] [child_.id()=32760] 
[2026-09-22 17:00:12.164][TRC][Px21200][Tx30443][Connection.cpp][L145][MaaNS::CtrlUnitNs::Connection::stop_monitor] | leave, 100ms 
[2026-09-22 17:00:12.164][TRC][Px21200][Tx30443][MtouchHelper.cpp][L126][MaaNS::CtrlUnitNs::MtouchHelper::remove_binary] 
[2026-09-22 17:00:12.164][DBG][Px21200][Tx30443][InvokeApp.cpp][L146][MaaNS::CtrlUnitNs::InvokeApp::remove] | enter 
[2026-09-22 17:00:12.171][DBG][Px21200][Tx30443][ChildPipeIOStream.cpp][L84][MaaNS::ChildPipeIOStream::ChildPipeIOStream] [exec_=D:/MuMuPlayer-12.0/shell/adb.exe] [args_=["-s","127.0.0.1:16416","shell","rm \"/data/local/tmp/2026.09.22-17.00.11.583\""]] [child_.id()=40308] 
[2026-09-22 17:00:12.207][DBG][Px21200][Tx30443][UnitBase.cpp][L58][MaaNS::CtrlUnitNs::UnitBase::startup_and_read_pipe] [output.size()=0] [duration=43ms] 
[2026-09-22 17:00:12.207][TRC][Px21200][Tx30443][InvokeApp.cpp][L146][MaaNS::CtrlUnitNs::InvokeApp::remove] | leave, 43ms 
[2026-09-22 17:00:12.307][WRN][Px21200][Tx30443][ChildPipeIOStream.cpp][L121][MaaNS::ChildPipeIOStream::release] child exit with 259 [exec_=D:/MuMuPlayer-12.0/shell/adb.exe] [args_=["-s","127.0.0.1:16416","shell","export CLASSPATH=\"/data/local/tmp/2026.09.22-17.00.11.583\"; app_process /data/local/tmp com.shxyke.MaaTouch.App"]] [child_.id()=39464] 
[2026-09-22 17:00:12.307][DBG][Px21200][Tx30443][InvokeApp.cpp][L146][MaaNS::CtrlUnitNs::InvokeApp::remove] | enter 
[2026-09-22 17:00:12.307][DBG][Px21200][Tx30443][InvokeApp.cpp][L149][MaaNS::CtrlUnitNs::InvokeApp::remove] Not pushed, skip remove 
[2026-09-22 17:00:12.307][TRC][Px21200][Tx30443][InvokeApp.cpp][L146][MaaNS::CtrlUnitNs::InvokeApp::remove] | leave, 0ms 
[2026-09-22 17:00:12.307][TRC][Px21200][Tx30443][MtouchHelper.cpp][L126][MaaNS::CtrlUnitNs::MtouchHelper::remove_binary] 
[2026-09-22 17:00:12.307][DBG][Px21200][Tx30443][InvokeApp.cpp][L146][MaaNS::CtrlUnitNs::InvokeApp::remove] | enter 
[2026-09-22 17:00:12.307][DBG][Px21200][Tx30443][InvokeApp.cpp][L149][MaaNS::CtrlUnitNs::InvokeApp::remove] Not pushed, skip remove 
[2026-09-22 17:00:12.307][TRC][Px21200][Tx30443][InvokeApp.cpp][L146][MaaNS::CtrlUnitNs::InvokeApp::remove] | leave, 0ms 
[2026-09-22 17:00:12.307][DBG][Px21200][Tx30443][InvokeApp.cpp][L146][MaaNS::CtrlUnitNs::InvokeApp::remove] | enter 
[2026-09-22 17:00:12.307][DBG][Px21200][Tx30443][InvokeApp.cpp][L149][MaaNS::CtrlUnitNs::InvokeApp::remove] Not pushed, skip remove 
[2026-09-22 17:00:12.307][TRC][Px21200][Tx30443][InvokeApp.cpp][L146][MaaNS::CtrlUnitNs::InvokeApp::remove] | leave, 0ms 
[2026-09-22 17:00:12.307][TRC][Px21200][Tx30443][MtouchHelper.cpp][L126][MaaNS::CtrlUnitNs::MtouchHelper::remove_binary] 
[2026-09-22 17:00:12.307][DBG][Px21200][Tx30443][MuMuPlayerExtras.cpp][L515][MaaNS::CtrlUnitNs::MuMuPlayerExtras::disconnect_mumu] [mumu_handle_=0] | enter 
[2026-09-22 17:00:12.307][WRN][Px21200][Tx30443][MuMuPlayerExtras.cpp][L518][MaaNS::CtrlUnitNs::MuMuPlayerExtras::disconnect_mumu] disconnect_func_ is null 
[2026-09-22 17:00:12.307][TRC][Px21200][Tx30443][MuMuPlayerExtras.cpp][L515][MaaNS::CtrlUnitNs::MuMuPlayerExtras::disconnect_mumu] | leave, 0ms 
[2026-09-22 17:00:12.307][DBG][Px21200][Tx30443][MaaUtils/LibraryHolder.h][L90][MaaNS::LibraryHolder<class MaaNS::CtrlUnitNs::MuMuPlayerExtras>::unload_library] [libname_=] | enter 
[2026-09-22 17:00:12.307][DBG][Px21200][Tx30443][MaaUtils/LibraryHolder.h][L95][MaaNS::LibraryHolder<class MaaNS::CtrlUnitNs::MuMuPlayerExtras>::unload_library] LibraryHolder already unloaded 
[2026-09-22 17:00:12.307][TRC][Px21200][Tx30443][MaaUtils/LibraryHolder.h][L90][MaaNS::LibraryHolder<class MaaNS::CtrlUnitNs::MuMuPlayerExtras>::unload_library] | leave, 0ms 
[2026-09-22 17:00:12.307][DBG][Px21200][Tx30443][LDPlayerExtras.cpp][L120][MaaNS::CtrlUnitNs::LDPlayerExtras::release_ld_instance] [ld_handle_=false] | enter 
[2026-09-22 17:00:12.307][TRC][Px21200][Tx30443][LDPlayerExtras.cpp][L120][MaaNS::CtrlUnitNs::LDPlayerExtras::release_ld_instance] | leave, 0ms 
[2026-09-22 17:00:12.307][DBG][Px21200][Tx30443][MaaUtils/LibraryHolder.h][L90][MaaNS::LibraryHolder<class MaaNS::CtrlUnitNs::LDPlayerExtras>::unload_library] [libname_=] | enter 
[2026-09-22 17:00:12.307][DBG][Px21200][Tx30443][MaaUtils/LibraryHolder.h][L95][MaaNS::LibraryHolder<class MaaNS::CtrlUnitNs::LDPlayerExtras>::unload_library] LibraryHolder already unloaded 
[2026-09-22 17:00:12.307][TRC][Px21200][Tx30443][MaaUtils/LibraryHolder.h][L90][MaaNS::LibraryHolder<class MaaNS::CtrlUnitNs::LDPlayerExtras>::unload_library] | leave, 0ms 
[2026-09-22 17:00:12.307][TRC][Px21200][Tx30443][AdbControlUnitAPI.cpp][L64][MaaAdbControlUnitDestroy] | leave, 244ms 
[2026-09-22 17:00:12.307][TRC][Px21200][Tx30443][MaaFramework.cpp][L343][MaaControllerDestroy] | leave, 244ms 
[2026-09-22 17:00:12.322][DBG][Px21200][Tx30443][Logger] ----------------------------- 
[2026-09-22 17:00:12.322][DBG][Px21200][Tx30443][Logger] Close log 
[2026-09-22 17:00:12.322][DBG][Px21200][Tx30443][Logger] ----------------------------- 
